// Vitest Snapshot v1, https://vitest.dev/guide/snapshot.html

exports[`the token snapshot, per theme > devterm resolves to the values it was reviewed with 1`] = `
{
  "--oc-accent": "#d4d4d4",
  "--oc-accent-contrast": "#0a0a0a",
  "--oc-accent-rgb": "212 212 212",
  "--oc-alpha-dust": "0",
  "--oc-alpha-mist": "0",
  "--oc-alpha-star": "0.6",
  "--oc-atmo-mist": "none",
  "--oc-atmo-opacity": "0",
  "--oc-atmo-veil": "none",
  "--oc-badge-fg": "var(--oc-dust-core)",
  "--oc-banner-bg": "var(--oc-surface-deep)",
  "--oc-banner-border": "rgb(var(--oc-white-rgb) / 0.1)",
  "--oc-bg": "rgb(11 11 12)",
  "--oc-black-rgb": "0 0 0",
  "--oc-blur-bokeh-far": "8px",
  "--oc-blur-bokeh-near": "2px",
  "--oc-border": "rgb(var(--oc-white-rgb) / 0.06)",
  "--oc-border-dashed": "rgb(var(--oc-white-rgb) / 0.1)",
  "--oc-border-hover": "rgb(var(--oc-white-rgb) / 0.12)",
  "--oc-border-strong": "rgb(var(--oc-white-rgb) / 0.12)",
  "--oc-btn-account-bg": "rgb(var(--oc-surface-btn-rgb) / 0.55)",
  "--oc-btn-account-blur": "8px",
  "--oc-btn-account-border": "var(--oc-border)",
  "--oc-btn-account-radius": "var(--oc-radius-pill)",
  "--oc-btn-light-bg": "#d4d4d4",
  "--oc-btn-light-text": "#0a0a0a",
  "--oc-chip-review-bg": "rgb(var(--oc-warn-rgb) / 0.07)",
  "--oc-chip-review-border": "rgb(var(--oc-warn-rgb) / 0.28)",
  "--oc-chip-review-fg": "var(--oc-warn)",
  "--oc-corner-color": "rgb(var(--oc-white-rgb) / 0.12)",
  "--oc-corner-offset": "10px",
  "--oc-corner-size": "14px",
  "--oc-corner-width": "2px",
  "--oc-danger": "#be8282",
  "--oc-danger-deep-rgb": "90 45 45",
  "--oc-danger-rgb": "190 130 130",
  "--oc-divider": "rgb(var(--oc-white-rgb) / 0.05)",
  "--oc-duration-blink": "1s",
  "--oc-duration-drift": "12s",
  "--oc-duration-flow": "26s",
  "--oc-duration-micro": "200ms",
  "--oc-dust-core": "#e5e5e5",
  "--oc-dust-edge": "#7a7a7a",
  "--oc-ease-atmosphere": "cubic-bezier(0.22, 0.61, 0.36, 1)",
  "--oc-ease-cursor": "steps(1, end)",
  "--oc-focus-ring": "0 0 0 2px rgb(var(--oc-accent-rgb) / 0.55)",
  "--oc-focus-ring-inset": "inset 0 0 0 2px rgb(var(--oc-accent-rgb) / 0.55)",
  "--oc-focus-ring-offset": "0 0 0 4px rgb(var(--oc-black-rgb) / 0.55), var(--oc-focus-ring)",
  "--oc-font-data": ""SF Mono", ui-monospace, Menlo, monospace",
  "--oc-font-label": "var(--oc-font-data)",
  "--oc-font-ui": "-apple-system, BlinkMacSystemFont, "Segoe UI", Helvetica, Arial, sans-serif",
  "--oc-glass-bg": "var(--oc-surface-2)",
  "--oc-glass-blur": "8px",
  "--oc-glass-border": "var(--oc-border)",
  "--oc-glass-highlight": "inset 0 1px 0 rgb(var(--oc-white-rgb) / 0.04)",
  "--oc-glow-accent": "none",
  "--oc-glow-dot-exec": "none",
  "--oc-glow-dot-exec-dim": "none",
  "--oc-glow-dot-ok": "none",
  "--oc-glow-ok": "none",
  "--oc-glow-pip": "none",
  "--oc-glow-text": "none",
  "--oc-grain-opacity": "0",
  "--oc-haze-rgb": "140 140 140",
  "--oc-icon": "rgb(var(--oc-white-rgb) / 0.55)",
  "--oc-info": "#96a5b4",
  "--oc-info-rgb": "150 165 180",
  "--oc-leading-none": "1",
  "--oc-lerp-mouse": "0.08",
  "--oc-mist": "#828282",
  "--oc-mist-deep": "#6e6e6e",
  "--oc-mist-deep-rgb": "110 110 110",
  "--oc-mist-light": "#969696",
  "--oc-mist-rgb": "130 130 130",
  "--oc-modal-bg": "rgb(var(--oc-surface-3-rgb) / 0.94)",
  "--oc-ok": "#7aa88a",
  "--oc-ok-rgb": "122 168 138",
  "--oc-overlay-bg": "rgb(var(--oc-black-rgb) / 0.72)",
  "--oc-panel-bg": "rgb(var(--oc-surface-3-rgb) / 0.96)",
  "--oc-plan-bg": "var(--oc-surface-tile)",
  "--oc-plan-border": "rgb(var(--oc-white-rgb) / 0.08)",
  "--oc-plan-glow": "none",
  "--oc-radius-badge": "5px",
  "--oc-radius-box": "7px",
  "--oc-radius-card": "8px",
  "--oc-radius-chip": "5px",
  "--oc-radius-circle": "50%",
  "--oc-radius-control": "6px",
  "--oc-radius-control-sm": "4px",
  "--oc-radius-note": "6px",
  "--oc-radius-panel": "10px",
  "--oc-radius-pill": "999px",
  "--oc-radius-plan": "10px",
  "--oc-radius-sheet": "10px",
  "--oc-radius-tick": "4px",
  "--oc-radius-tile": "8px",
  "--oc-scrim-rgb": "8 8 9",
  "--oc-shadow-card-hover": "0 10px 28px rgb(var(--oc-black-rgb) / 0.55), var(--oc-glass-highlight)",
  "--oc-shadow-panel": "0 8px 24px rgb(var(--oc-black-rgb) / 0.5), var(--oc-glass-highlight)",
  "--oc-space-1": "4px",
  "--oc-space-2": "8px",
  "--oc-space-3": "12px",
  "--oc-space-4": "16px",
  "--oc-space-6": "24px",
  "--oc-space-8": "32px",
  "--oc-space-9": "48px",
  "--oc-space-caption-gap": "10px",
  "--oc-star": "#b0b0b0",
  "--oc-star-far": "#5a5a5a",
  "--oc-surface": "transparent",
  "--oc-surface-2": "rgb(var(--oc-surface-2-rgb) / 0.72)",
  "--oc-surface-2-rgb": "18 18 19",
  "--oc-surface-3": "rgb(var(--oc-surface-3-rgb))",
  "--oc-surface-3-rgb": "15 15 16",
  "--oc-surface-btn-rgb": "20 20 21",
  "--oc-surface-deep": "rgb(var(--oc-surface-deep-rgb))",
  "--oc-surface-deep-rgb": "12 12 13",
  "--oc-surface-hover": "rgb(var(--oc-white-rgb) / 0.06)",
  "--oc-surface-input": "rgb(var(--oc-white-rgb) / 0.04)",
  "--oc-surface-on": "rgb(var(--oc-white-rgb) / 0.1)",
  "--oc-surface-subtle": "rgb(var(--oc-white-rgb) / 0.03)",
  "--oc-surface-tile": "rgb(var(--oc-surface-tile-rgb))",
  "--oc-surface-tile-rgb": "16 16 17",
  "--oc-tag-bug-border": "rgb(var(--oc-danger-rgb) / 0.25)",
  "--oc-tag-bug-fg": "var(--oc-danger)",
  "--oc-tag-feature-border": "var(--oc-border)",
  "--oc-tag-feature-fg": "var(--oc-text-2)",
  "--oc-tag-rfc-border": "var(--oc-border)",
  "--oc-tag-rfc-fg": "var(--oc-text-2)",
  "--oc-tap": "44px",
  "--oc-tap-min": "24px",
  "--oc-text-1": "rgb(var(--oc-white-rgb) / 0.92)",
  "--oc-text-2": "rgb(var(--oc-white-rgb) / 0.6)",
  "--oc-text-3": "rgb(var(--oc-white-rgb) / 0.4)",
  "--oc-text-caption": "clamp(14px, 2.2vw, 18px)",
  "--oc-text-display": "clamp(48px, 9vw, 88px)",
  "--oc-text-glow": "transparent",
  "--oc-todo": "#b4967f",
  "--oc-todo-rgb": "180 150 135",
  "--oc-tracking-tight": "-0.02em",
  "--oc-tracking-wide": "0.06em",
  "--oc-vignette": "none",
  "--oc-warn": "#c8b48c",
  "--oc-warn-2-rgb": "190 170 135",
  "--oc-warn-3-rgb": "180 160 130",
  "--oc-warn-deep": "#8a7a4a",
  "--oc-warn-pip": "#b3a074",
  "--oc-warn-rgb": "200 180 140",
  "--oc-weight-light": "300",
  "--oc-weight-medium": "500",
  "--oc-white-rgb": "255 255 255",
  "--oc-z-atmo-back": "-3",
  "--oc-z-atmo-front": "-1",
  "--oc-z-atmo-mid": "-2",
  "--oc-z-backdrop": "25",
  "--oc-z-bar": "10",
  "--oc-z-chrome": "30",
  "--oc-z-content": "2",
  "--oc-z-fade": "5",
  "--oc-z-menu": "40",
  "--oc-z-modal": "50",
  "--oc-z-panel": "20",
  "--oc-z-sheet": "60",
}
`;

exports[`the token snapshot, per theme > overclock resolves to the values it was reviewed with 1`] = `
{
  "--oc-accent": "#ef4444",
  "--oc-accent-contrast": "#000000",
  "--oc-accent-rgb": "239 68 68",
  "--oc-alpha-dust": "0",
  "--oc-alpha-mist": "0",
  "--oc-alpha-star": "0.6",
  "--oc-atmo-mist": "none",
  "--oc-atmo-opacity": "0",
  "--oc-atmo-veil": "none",
  "--oc-badge-fg": "var(--oc-accent)",
  "--oc-banner-bg": "var(--oc-surface-deep)",
  "--oc-banner-border": "var(--oc-border)",
  "--oc-bg": "rgb(var(--oc-black-rgb))",
  "--oc-black-rgb": "0 0 0",
  "--oc-border": "#1f2937",
  "--oc-border-dashed": "#1f2937",
  "--oc-border-hover": "#4b5563",
  "--oc-border-strong": "#4b5563",
  "--oc-btn-account-bg": "rgb(var(--oc-surface-btn-rgb) / 0.65)",
  "--oc-btn-account-blur": "12px",
  "--oc-btn-account-border": "var(--oc-border)",
  "--oc-btn-light-bg": "var(--oc-accent)",
  "--oc-btn-light-text": "#ffffff",
  "--oc-chip-review-bg": "rgb(var(--oc-warn-rgb) / 0.07)",
  "--oc-chip-review-border": "rgb(var(--oc-warn-rgb) / 0.28)",
  "--oc-chip-review-fg": "var(--oc-warn)",
  "--oc-corner-color": "rgb(var(--oc-accent-rgb) / 0.35)",
  "--oc-danger": "rgb(var(--oc-danger-rgb))",
  "--oc-danger-deep-rgb": "127 29 29",
  "--oc-danger-rgb": "127 29 29",
  "--oc-divider": "rgb(var(--oc-white-rgb) / 0.05)",
  "--oc-dust-core": "#ffffff",
  "--oc-dust-edge": "#6b7280",
  "--oc-focus-ring": "0 0 0 2px rgb(209 217 235 / 0.55)",
  "--oc-focus-ring-inset": "inset 0 0 0 2px rgb(209 217 235 / 0.55)",
  "--oc-focus-ring-offset": "0 0 0 4px rgb(var(--oc-black-rgb) / 0.55), var(--oc-focus-ring)",
  "--oc-font-data": ""Geist Mono Variable", "Geist Mono", "JetBrains Mono", "Fira Code", ui-monospace, Menlo, Monaco, Consolas, monospace",
  "--oc-font-label": "var(--oc-font-data)",
  "--oc-font-ui": ""Geist Variable", "Geist", ui-sans-serif, system-ui, -apple-system, "Segoe UI", Roboto, sans-serif",
  "--oc-glass-bg": "var(--oc-surface-2)",
  "--oc-glass-blur": "12px",
  "--oc-glass-border": "var(--oc-border)",
  "--oc-glass-highlight": "inset 0 0 0 1px rgb(var(--oc-white-rgb) / 0.06)",
  "--oc-glow-accent": "0 0 20px rgb(var(--oc-accent-rgb) / 0.25)",
  "--oc-glow-dot-exec": "0 0 12px rgb(var(--oc-info-rgb) / 0.5)",
  "--oc-glow-dot-exec-dim": "0 0 2px rgb(var(--oc-info-rgb) / 0.3)",
  "--oc-glow-dot-ok": "0 0 12px rgb(var(--oc-ok-rgb) / 0.5)",
  "--oc-glow-ok": "0 0 20px rgb(var(--oc-ok-rgb) / 0.25)",
  "--oc-glow-pip": "0 0 12px rgb(var(--oc-warn-rgb) / 0.5)",
  "--oc-glow-text": "0 0 20px rgb(var(--oc-accent-rgb) / 0.25)",
  "--oc-grain-opacity": "0",
  "--oc-haze-rgb": "239 68 68",
  "--oc-icon": "#6b7280",
  "--oc-info": "#06b6d4",
  "--oc-info-rgb": "6 182 212",
  "--oc-mist": "#6b7280",
  "--oc-mist-deep": "#4b5563",
  "--oc-mist-deep-rgb": "75 85 99",
  "--oc-mist-light": "#9ca3af",
  "--oc-mist-rgb": "107 114 128",
  "--oc-modal-bg": "rgb(var(--oc-surface-2-rgb) / 0.94)",
  "--oc-ok": "#22c55e",
  "--oc-ok-rgb": "34 197 94",
  "--oc-overlay-bg": "rgb(var(--oc-black-rgb) / 0.72)",
  "--oc-panel-bg": "rgb(var(--oc-surface-2-rgb) / 0.96)",
  "--oc-plan-bg": "var(--oc-surface-deep)",
  "--oc-plan-border": "var(--oc-border)",
  "--oc-plan-glow": "radial-gradient( ellipse 90% 45% at 68% -12%, rgb(var(--oc-accent-rgb) / 0.15), transparent 70% )",
  "--oc-radius-badge": "6px",
  "--oc-radius-box": "8px",
  "--oc-radius-card": "12px",
  "--oc-radius-chip": "6px",
  "--oc-radius-circle": "50%",
  "--oc-radius-control": "8px",
  "--oc-radius-control-sm": "4px",
  "--oc-radius-note": "8px",
  "--oc-radius-panel": "12px",
  "--oc-radius-pill": "999px",
  "--oc-radius-plan": "12px",
  "--oc-radius-sheet": "12px",
  "--oc-radius-tick": "4px",
  "--oc-radius-tile": "12px",
  "--oc-scrim-rgb": "5 5 5",
  "--oc-shadow-card-hover": "0 24px 60px -10px rgb(var(--oc-black-rgb) / 0.7), var(--oc-glass-highlight)",
  "--oc-shadow-panel": "0 24px 60px -10px rgb(var(--oc-black-rgb) / 0.7), var(--oc-glass-highlight)",
  "--oc-star": "#9ca3af",
  "--oc-star-far": "#6b7280",
  "--oc-surface": "transparent",
  "--oc-surface-2": "rgb(var(--oc-surface-2-rgb) / 0.65)",
  "--oc-surface-2-rgb": "8 8 10",
  "--oc-surface-3": "rgb(var(--oc-surface-3-rgb) / 0.45)",
  "--oc-surface-3-rgb": "8 8 10",
  "--oc-surface-btn-rgb": "8 8 10",
  "--oc-surface-deep": "rgb(var(--oc-surface-deep-rgb))",
  "--oc-surface-deep-rgb": "5 5 5",
  "--oc-surface-hover": "rgb(var(--oc-white-rgb) / 0.06)",
  "--oc-surface-input": "rgb(var(--oc-white-rgb) / 0.04)",
  "--oc-surface-on": "rgb(var(--oc-accent-rgb) / 0.1)",
  "--oc-surface-subtle": "rgb(var(--oc-white-rgb) / 0.03)",
  "--oc-surface-tile": "rgb(var(--oc-surface-tile-rgb))",
  "--oc-surface-tile-rgb": "5 5 5",
  "--oc-tag-bug-border": "rgb(var(--oc-danger-rgb) / 0.3)",
  "--oc-tag-bug-fg": "var(--oc-danger)",
  "--oc-tag-feature-border": "rgb(34 211 238 / 0.3)",
  "--oc-tag-feature-fg": "#22d3ee",
  "--oc-tag-rfc-border": "rgb(139 92 246 / 0.3)",
  "--oc-tag-rfc-fg": "#8b5cf6",
  "--oc-tap": "44px",
  "--oc-tap-min": "24px",
  "--oc-text-1": "#ededed",
  "--oc-text-2": "#9ca3af",
  "--oc-text-3": "#6b7280",
  "--oc-text-glow": "rgb(var(--oc-accent-rgb) / 0.15)",
  "--oc-todo": "rgb(var(--oc-todo-rgb))",
  "--oc-todo-rgb": "249 115 22",
  "--oc-vignette": "none",
  "--oc-warn": "#facc15",
  "--oc-warn-2-rgb": "234 179 8",
  "--oc-warn-3-rgb": "234 179 8",
  "--oc-warn-deep": "#eab308",
  "--oc-warn-pip": "#eab308",
  "--oc-warn-rgb": "250 204 21",
  "--oc-white-rgb": "255 255 255",
}
`;
